Archive member included to satisfy reference by file (symbol)

/Applications/ArmGNUToolchain/13.2.Rel1/arm-none-eabi/bin/../lib/gcc/arm-none-eabi/13.2.1/thumb/v6-m/nofp/libgcc.a(_dvmd_tls.o)
                              CMakeFiles/blink.dir/Users/loginelsalnty/Desktop/Embedded/pico/pico-sdk/src/rp2_common/pico_divider/divider.S.obj (__aeabi_idiv0)
/Applications/ArmGNUToolchain/13.2.Rel1/arm-none-eabi/bin/../lib/gcc/arm-none-eabi/13.2.1/../../../../arm-none-eabi/lib/thumb/v6-m/nofp/libc.a(libc_a-calloc.o)
                              CMakeFiles/blink.dir/Users/loginelsalnty/Desktop/Embedded/pico/pico-sdk/src/rp2_common/pico_malloc/pico_malloc.c.obj (calloc)
/Applications/ArmGNUToolchain/13.2.Rel1/arm-none-eabi/bin/../lib/gcc/arm-none-eabi/13.2.1/../../../../arm-none-eabi/lib/thumb/v6-m/nofp/libc.a(libc_a-callocr.o)
                              /Applications/ArmGNUToolchain/13.2.Rel1/arm-none-eabi/bin/../lib/gcc/arm-none-eabi/13.2.1/../../../../arm-none-eabi/lib/thumb/v6-m/nofp/libc.a(libc_a-calloc.o) (_calloc_r)
/Applications/ArmGNUToolchain/13.2.Rel1/arm-none-eabi/bin/../lib/gcc/arm-none-eabi/13.2.1/../../../../arm-none-eabi/lib/thumb/v6-m/nofp/libc.a(libc_a-malloc.o)
                              CMakeFiles/blink.dir/Users/loginelsalnty/Desktop/Embedded/pico/pico-sdk/src/rp2_common/pico_malloc/pico_malloc.c.obj (malloc)
/Applications/ArmGNUToolchain/13.2.Rel1/arm-none-eabi/bin/../lib/gcc/arm-none-eabi/13.2.1/../../../../arm-none-eabi/lib/thumb/v6-m/nofp/libc.a(libc_a-mallocr.o)
                              /Applications/ArmGNUToolchain/13.2.Rel1/arm-none-eabi/bin/../lib/gcc/arm-none-eabi/13.2.1/../../../../arm-none-eabi/lib/thumb/v6-m/nofp/libc.a(libc_a-callocr.o) (_malloc_r)
/Applications/ArmGNUToolchain/13.2.Rel1/arm-none-eabi/bin/../lib/gcc/arm-none-eabi/13.2.1/../../../../arm-none-eabi/lib/thumb/v6-m/nofp/libc.a(libc_a-mlock.o)
                              /Applications/ArmGNUToolchain/13.2.Rel1/arm-none-eabi/bin/../lib/gcc/arm-none-eabi/13.2.1/../../../../arm-none-eabi/lib/thumb/v6-m/nofp/libc.a(libc_a-mallocr.o) (__malloc_lock)
/Applications/ArmGNUToolchain/13.2.Rel1/arm-none-eabi/bin/../lib/gcc/arm-none-eabi/13.2.1/../../../../arm-none-eabi/lib/thumb/v6-m/nofp/libc.a(libc_a-realloc.o)
                              CMakeFiles/blink.dir/Users/loginelsalnty/Desktop/Embedded/pico/pico-sdk/src/rp2_common/pico_malloc/pico_malloc.c.obj (realloc)
/Applications/ArmGNUToolchain/13.2.Rel1/arm-none-eabi/bin/../lib/gcc/arm-none-eabi/13.2.1/../../../../arm-none-eabi/lib/thumb/v6-m/nofp/libc.a(libc_a-reallocr.o)
                              /Applications/ArmGNUToolchain/13.2.Rel1/arm-none-eabi/bin/../lib/gcc/arm-none-eabi/13.2.1/../../../../arm-none-eabi/lib/thumb/v6-m/nofp/libc.a(libc_a-realloc.o) (_realloc_r)
/Applications/ArmGNUToolchain/13.2.Rel1/arm-none-eabi/bin/../lib/gcc/arm-none-eabi/13.2.1/../../../../arm-none-eabi/lib/thumb/v6-m/nofp/libc.a(libc_a-memcmp.o)
                              CMakeFiles/blink.dir/Users/loginelsalnty/Desktop/Embedded/pico/pico-sdk/lib/cyw43-driver/src/cyw43_ll.c.obj (memcmp)
/Applications/ArmGNUToolchain/13.2.Rel1/arm-none-eabi/bin/../lib/gcc/arm-none-eabi/13.2.1/../../../../arm-none-eabi/lib/thumb/v6-m/nofp/libc.a(libc_a-memmove.o)
                              CMakeFiles/blink.dir/Users/loginelsalnty/Desktop/Embedded/pico/pico-sdk/lib/cyw43-driver/src/cyw43_ll.c.obj (memmove)
/Applications/ArmGNUToolchain/13.2.Rel1/arm-none-eabi/bin/../lib/gcc/arm-none-eabi/13.2.1/../../../../arm-none-eabi/lib/thumb/v6-m/nofp/libc.a(libc_a-strncmp.o)
                              CMakeFiles/blink.dir/Users/loginelsalnty/Desktop/Embedded/pico/pico-sdk/lib/cyw43-driver/src/cyw43_ll.c.obj (strncmp)
/Applications/ArmGNUToolchain/13.2.Rel1/arm-none-eabi/bin/../lib/gcc/arm-none-eabi/13.2.1/../../../../arm-none-eabi/lib/thumb/v6-m/nofp/libc.a(libc_a-impure.o)
                              /Applications/ArmGNUToolchain/13.2.Rel1/arm-none-eabi/bin/../lib/gcc/arm-none-eabi/13.2.1/../../../../arm-none-eabi/lib/thumb/v6-m/nofp/libc.a(libc_a-calloc.o) (_impure_ptr)
/Applications/ArmGNUToolchain/13.2.Rel1/arm-none-eabi/bin/../lib/gcc/arm-none-eabi/13.2.1/../../../../arm-none-eabi/lib/thumb/v6-m/nofp/libc.a(libc_a-sbrkr.o)
                              /Applications/ArmGNUToolchain/13.2.Rel1/arm-none-eabi/bin/../lib/gcc/arm-none-eabi/13.2.1/../../../../arm-none-eabi/lib/thumb/v6-m/nofp/libc.a(libc_a-mallocr.o) (_sbrk_r)
/Applications/ArmGNUToolchain/13.2.Rel1/arm-none-eabi/bin/../lib/gcc/arm-none-eabi/13.2.1/../../../../arm-none-eabi/lib/thumb/v6-m/nofp/libc.a(libc_a-errno.o)
                              /Applications/ArmGNUToolchain/13.2.Rel1/arm-none-eabi/bin/../lib/gcc/arm-none-eabi/13.2.1/../../../../arm-none-eabi/lib/thumb/v6-m/nofp/libc.a(libc_a-callocr.o) (__errno)
/Applications/ArmGNUToolchain/13.2.Rel1/arm-none-eabi/bin/../lib/gcc/arm-none-eabi/13.2.1/../../../../arm-none-eabi/lib/thumb/v6-m/nofp/libc.a(libc_a-sysconf.o)
[...]
Memory Configuration

Name             Origin             Length             Attributes
FLASH            0x10000000         0x00200000         xr
RAM              0x20000000         0x00040000         xrw
SCRATCH_X        0x20040000         0x00001000         xrw
SCRATCH_Y        0x20041000         0x00001000         xrw
*default*        0x00000000         0xffffffff

Linker script and memory map

LOAD /Applications/ArmGNUToolchain/13.2.Rel1/arm-none-eabi/bin/../lib/gcc/arm-none-eabi/13.2.1/thumb/v6-m/nofp/crti.o
LOAD /Applications/ArmGNUToolchain/13.2.Rel1/arm-none-eabi/bin/../lib/gcc/arm-none-eabi/13.2.1/thumb/v6-m/nofp/crtbegin.o
LOAD /Applications/ArmGNUToolchain/13.2.Rel1/arm-none-eabi/bin/../lib/gcc/arm-none-eabi/13.2.1/../../../../arm-none-eabi/lib/thumb/v6-m/nofp/crt0.o

.flash_begin    0x10000000        0x0
                0x10000000                        __flash_binary_start = .

.boot2          0x10000000      0x100
                0x10000000                        __boot2_start__ = .
 *(.boot2)
 .boot2         0x10000000      0x100 /var/folders/_v/bvnn4hjs0h799wbkxyvnm5hm0000gn/T//ccV31S1k.o
                0x10000100                        __boot2_end__ = .
                0x00000001                        ASSERT (((__boot2_end__ - __boot2_start__) == 0x100), ERROR: Pico second stage bootloader must be 256 bytes in size)

.text           0x10000100     0x41e8
                0x10000100                        __logical_binary_start = .
 *(.vectors)
 .vectors       0x10000100       0xd4 CMakeFiles/blink.dir/Users/loginelsalnty/Desktop/Embedded/pico/pico-sdk/src/rp2_common/pico_standard_link/crt0.S.obj
                0x10000100                __VECTOR_TABLE
                0x10000100                __vectors
                0x100001c0                __default_isrs_start
                0x100001c0                isr_invalid
                0x100001c2                isr_nmi
                0x100001c4                isr_hardfault
                0x100001c6                isr_svcall
                0x100001c8                isr_pendsv
                0x100001ca                isr_systick
                0x100001cc                isr_irq28
                0x100001cc                isr_irq19
                0x100001cc                isr_irq0
                0x100001cc                isr_irq6
                0x100001cc                isr_irq22
                0x100001cc                isr_irq17
                0x100001cc                isr_irq14
                0x100001cc                isr_irq2
                0x100001cc                isr_irq10
                0x100001cc                isr_irq8
                0x100001cc                isr_irq24
                0x100001cc                isr_irq1
                0x100001cc                isr_irq7
                0x100001cc                isr_irq21
                0x100001cc                isr_irq20
                0x100001cc                isr_irq15
                0x100001cc                isr_irq25
                0x100001cc                isr_irq4
                0x100001cc                isr_irq16
                0x100001cc                isr_irq29
                0x100001cc                isr_irq26
                0x100001cc                __default_isrs_end
                0x100001cc                isr_irq3
                0x100001cc                isr_irq9
                0x100001cc                __unhandled_user_irq
                0x100001cc                isr_irq13
                0x100001cc                isr_irq27
                0x100001cc                isr_irq31
                0x100001cc                isr_irq5
                0x100001cc                isr_irq11
                0x100001cc                isr_irq23
                0x100001cc                isr_irq18
                0x100001cc                isr_irq30
                0x100001cc                isr_irq12
                0x100001d2                unhandled_user_irq_num_in_r0
 *(.binary_info_header)
 .binary_info_header
                0x100001d4       0x14 CMakeFiles/blink.dir/Users/loginelsalnty/Desktop/Embedded/pico/pico-sdk/src/rp2_common/pico_standard_link/crt0.S.obj
                0x100001e8                        __binary_info_header_end = .
 *(.reset)
 .reset         0x100001e8       0xa0 CMakeFiles/blink.dir/Users/loginelsalnty/Desktop/Embedded/pico/pico-sdk/src/rp2_common/pico_standard_link/crt0.S.obj
                0x100001e8                _entry_point
 .reset         0x10000288       0x30 CMakeFiles/blink.dir/Users/loginelsalnty/Desktop/Embedded/pico/pico-sdk/src/rp2_common/pico_standard_link/binary_info.c.obj
 *(.init)
 .init          0x100002b8        0x4 /Applications/ArmGNUToolchain/13.2.Rel1/arm-none-eabi/bin/../lib/gcc/arm-none-eabi/13.2.1/thumb/v6-m/nofp/crti.o
                0x100002b8                _init
 *(EXCLUDE_FILE(*libm.a: *libc.a:*lib_a-mem*.o *libgcc.a:) .text*)
 .text.register_tm_clones
                0x100002bc       0x28 /Applications/ArmGNUToolchain/13.2.Rel1/arm-none-eabi/bin/../lib/gcc/arm-none-eabi/13.2.1/thumb/v6-m/nofp/crtbegin.o
 .text.frame_dummy
                0x100002e4       0x24 /Applications/ArmGNUToolchain/13.2.Rel1/arm-none-eabi/bin/../lib/gcc/arm-none-eabi/13.2.1/thumb/v6-m/nofp/crtbegin.o
 .text.startup.main
                0x10000308      0x12c CMakeFiles/blink.dir/blink.c.obj
                0x10000308                main
 .text.gpio_set_function
                0x10000434       0x30 CMakeFiles/blink.dir/Users/loginelsalnty/Desktop/Embedded/pico/pico-sdk/src/rp2_common/hardware_gpio/gpio.c.obj
                0x10000434                gpio_set_function
 .text.gpio_init
                0x10000464       0x3c CMakeFiles/blink.dir/Users/loginelsalnty/Desktop/Embedded/pico/pico-sdk/src/rp2_common/hardware_gpio/gpio.c.obj
                0x10000464                gpio_init
 .text.running_on_fpga
                0x100004a0       0x10 CMakeFiles/blink.dir/Users/loginelsalnty/Desktop/Embedded/pico/pico-sdk/src/rp2_common/pico_platform/platform.c.obj
                0x100004a0                running_on_fpga
 .text.hw_claim_or_assert
                0x100004b0       0x44 CMakeFiles/blink.dir/Users/loginelsalnty/Desktop/Embedded/pico/pico-sdk/src/rp2_common/hardware_claim/claim.c.obj
                0x100004b0                hw_claim_or_assert
 .text.spin_locks_reset
                0x100004f4       0x1c CMakeFiles/blink.dir/Users/loginelsalnty/Desktop/Embedded/pico/pico-sdk/src/rp2_common/hardware_sync/sync.c.obj
                0x100004f4                spin_locks_reset
 .text.next_striped_spin_lock_num
                0x10000510       0x18 CMakeFiles/blink.dir/Users/loginelsalnty/Desktop/Embedded/pico/pico-sdk/src/rp2_common/hardware_sync/sync.c.obj
                0x10000510                next_striped_spin_lock_num
 .text.irq_set_enabled
                0x10000528       0x24 CMakeFiles/blink.dir/Users/loginelsalnty/Desktop/Embedded/pico/pico-sdk/src/rp2_common/hardware_irq/irq.c.obj
                0x10000528                irq_set_enabled
 .text.irq_get_vtable_handler
                0x1000054c       0x10 CMakeFiles/blink.dir/Users/loginelsalnty/Desktop/Embedded/pico/pico-sdk/src/rp2_common/hardware_irq/irq.c.obj
                0x1000054c                irq_get_vtable_handler
 .text.irq_set_exclusive_handler
                0x1000055c       0x54 CMakeFiles/blink.dir/Users/loginelsalnty/Desktop/Embedded/pico/pico-sdk/src/rp2_common/hardware_irq/irq.c.obj
                0x1000055c                irq_set_exclusive_handler
 .text.irq_remove_handler
                0x100005b0      0x1c4 CMakeFiles/blink.dir/Users/loginelsalnty/Desktop/Embedded/pico/pico-sdk/src/rp2_common/hardware_irq/irq.c.obj
                0x100005b0                irq_remove_handler
 .text.irq_add_tail_to_free_list
                0x10000774       0xb4 CMakeFiles/blink.dir/Users/loginelsalnty/Desktop/Embedded/pico/pico-sdk/src/rp2_common/hardware_irq/irq.c.obj
                0x10000774                irq_add_tail_to_free_list
 .text.irq_init_priorities
                0x10000828       0x24 CMakeFiles/blink.dir/Users/loginelsalnty/Desktop/Embedded/pico/pico-sdk/src/rp2_common/hardware_irq/irq.c.obj
                0x10000828                irq_init_priorities
 .text.lock_init
                0x1000084c       0x10 CMakeFiles/blink.dir/Users/loginelsalnty/Desktop/Embedded/pico/pico-sdk/src/common/pico_sync/lock_core.c.obj
                0x1000084c                lock_init
 .text.mutex_init
                0x1000085c       0x1c CMakeFiles/blink.dir/Users/loginelsalnty/Desktop/Embedded/pico/pico-sdk/src/common/pico_sync/mutex.c.obj
                0x1000085c                mutex_init
 .text.recursive_mutex_init
                0x10000878       0x1c CMakeFiles/blink.dir/Users/loginelsalnty/Desktop/Embedded/pico/pico-sdk/src/common/pico_sync/mutex.c.obj
                0x10000878                recursive_mutex_init
 .text.timer_pool_entry_comparator
                0x10000894       0x34 CMakeFiles/blink.dir/Users/loginelsalnty/Desktop/Embedded/pico/pico-sdk/src/common/pico_time/time.c.obj
                0x10000894                timer_pool_entry_comparator
 .text.sleep_until_callback
                0x100008c8       0x30 CMakeFiles/blink.dir/Users/loginelsalnty/Desktop/Embedded/pico/pico-sdk/src/common/pico_time/time.c.obj
 .text.add_alarm_under_lock.isra.0
                0x100008f8      0x100 CMakeFiles/blink.dir/Users/loginelsalnty/Desktop/Embedded/pico/pico-sdk/src/common/pico_time/time.c.obj
 .text.alarm_pool_alarm_callback
                0x100009f8      0x1c0 CMakeFiles/blink.dir/Users/loginelsalnty/Desktop/Embedded/pico/pico-sdk/src/common/pico_time/time.c.obj
 .text.alarm_pool_init_default
                0x10000bb8       0x6c CMakeFiles/blink.dir/Users/loginelsalnty/Desktop/Embedded/pico/pico-sdk/src/common/pico_time/time.c.obj
                0x10000bb8                alarm_pool_init_default
 .text.alarm_pool_add_alarm_at
                0x10000c24      0x17c CMakeFiles/blink.dir/Users/loginelsalnty/Desktop/Embedded/pico/pico-sdk/src/common/pico_time/time.c.obj
                0x10000c24                alarm_pool_add_alarm_at
 .text.sleep_until
                0x10000da0       0xc4 CMakeFiles/blink.dir/Users/loginelsalnty/Desktop/Embedded/pico/pico-sdk/src/common/pico_time/time.c.obj
                0x10000da0                sleep_until
 .text.sleep_ms
                0x10000e64       0x38 CMakeFiles/blink.dir/Users/loginelsalnty/Desktop/Embedded/pico/pico-sdk/src/common/pico_time/time.c.obj
                0x10000e64                sleep_ms
 .text.best_effort_wfe_or_timeout
                0x10000e9c       0xcc CMakeFiles/blink.dir/Users/loginelsalnty/Desktop/Embedded/pico/pico-sdk/src/common/pico_time/time.c.obj
                0x10000e9c                best_effort_wfe_or_timeout
 .text.hardware_alarm_irq_handler
                0x10000f68       0xbc CMakeFiles/blink.dir/Users/loginelsalnty/Desktop/Embedded/pico/pico-sdk/src/rp2_common/hardware_timer/timer.c.obj
 .text.hardware_alarm_claim
                0x10001024       0x18 CMakeFiles/blink.dir/Users/loginelsalnty/Desktop/Embedded/pico/pico-sdk/src/rp2_common/hardware_timer/timer.c.obj
                0x10001024                hardware_alarm_claim
 .text.time_us_64
                0x1000103c       0x14 CMakeFiles/blink.dir/Users/loginelsalnty/Desktop/Embedded/pico/pico-sdk/src/rp2_common/hardware_timer/timer.c.obj
                0x1000103c                time_us_64
 .text.busy_wait_us
                0x10001050       0x68 CMakeFiles/blink.dir/Users/loginelsalnty/Desktop/Embedded/pico/pico-sdk/src/rp2_common/hardware_timer/timer.c.obj
                0x10001050                busy_wait_us
 .text.busy_wait_until
                0x100010b8       0x20 CMakeFiles/blink.dir/Users/loginelsalnty/Desktop/Embedded/pico/pico-sdk/src/rp2_common/hardware_timer/timer.c.obj
                0x100010b8                busy_wait_until
 .text.hardware_alarm_set_callback
                0x100010d8       0x8c CMakeFiles/blink.dir/Users/loginelsalnty/Desktop/Embedded/pico/pico-sdk/src/rp2_common/hardware_timer/timer.c.obj
                0x100010d8                hardware_alarm_set_callback
 .text.hardware_alarm_set_target
                0x10001164       0xd0 CMakeFiles/blink.dir/Users/loginelsalnty/Desktop/Embedded/pico/pico-sdk/src/rp2_common/hardware_timer/timer.c.obj
                0x10001164                hardware_alarm_set_target
 .text.hardware_alarm_cancel
                0x10001234       0x3c CMakeFiles/blink.dir/Users/loginelsalnty/Desktop/Embedded/pico/pico-sdk/src/rp2_common/hardware_timer/timer.c.obj
                0x10001234                hardware_alarm_cancel
 .text.ph_merge_nodes
                0x10001270       0x58 CMakeFiles/blink.dir/Users/loginelsalnty/Desktop/Embedded/pico/pico-sdk/src/common/pico_util/pheap.c.obj
 .text.ph_post_alloc_init
                0x100012c8       0x3c CMakeFiles/blink.dir/Users/loginelsalnty/Desktop/Embedded/pico/pico-sdk/src/common/pico_util/pheap.c.obj
                0x100012c8                ph_post_alloc_init
 .text.ph_merge_two_pass
                0x10001304       0x8c CMakeFiles/blink.dir/Users/loginelsalnty/Desktop/Embedded/pico/pico-sdk/src/common/pico_util/pheap.c.obj
                0x10001304                ph_merge_two_pass
 .text.ph_remove_any_head
                0x10001390      0x100 CMakeFiles/blink.dir/Users/loginelsalnty/Desktop/Embedded/pico/pico-sdk/src/common/pico_util/pheap.c.obj
 .text.ph_remove_head
                0x10001490      0x104 CMakeFiles/blink.dir/Users/loginelsalnty/Desktop/Embedded/pico/pico-sdk/src/common/pico_util/pheap.c.obj
                0x10001490                ph_remove_head
 .text.ph_remove_and_free_node
                0x10001594       0x78 CMakeFiles/blink.dir/Users/loginelsalnty/Desktop/Embedded/pico/pico-sdk/src/common/pico_util/pheap.c.obj
                0x10001594                ph_remove_and_free_node
 .text.uart_init
                0x1000160c      0x18c CMakeFiles/blink.dir/Users/loginelsalnty/Desktop/Embedded/pico/pico-sdk/src/rp2_common/hardware_uart/uart.c.obj
                0x1000160c                uart_init
 .text.clocks_init
                0x10001798      0x2c8 CMakeFiles/blink.dir/Users/loginelsalnty/Desktop/Embedded/pico/pico-sdk/src/rp2_common/hardware_clocks/clocks.c.obj
                0x10001798                clocks_init
 .text.clock_get_hz
                0x10001a60        0xc CMakeFiles/blink.dir/Users/loginelsalnty/Desktop/Embedded/pico/pico-sdk/src/rp2_common/hardware_clocks/clocks.c.obj
                0x10001a60                clock_get_hz
 .text.pll_init
                0x10001a6c       0xa4 CMakeFiles/blink.dir/Users/loginelsalnty/Desktop/Embedded/pico/pico-sdk/src/rp2_common/hardware_pll/pll.c.obj
                0x10001a6c                pll_init
 .text.watchdog_start_tick
                0x10001b10       0x10 CMakeFiles/blink.dir/Users/loginelsalnty/Desktop/Embedded/pico/pico-sdk/src/rp2_common/hardware_watchdog/watchdog.c.obj
                0x10001b10                watchdog_start_tick
 .text.xosc_init
                0x10001b20       0x28 CMakeFiles/blink.dir/Users/loginelsalnty/Desktop/Embedded/pico/pico-sdk/src/rp2_common/hardware_xosc/xosc.c.obj
                0x10001b20                xosc_init
 .text.runtime_init
                0x10001b48       0xf0 CMakeFiles/blink.dir/Users/loginelsalnty/Desktop/Embedded/pico/pico-sdk/src/rp2_common/pico_runtime/runtime.c.obj
                0x10001b48                runtime_init
 .text._exit    0x10001c38        0x4 CMakeFiles/blink.dir/Users/loginelsalnty/Desktop/Embedded/pico/pico-sdk/src/rp2_common/pico_runtime/runtime.c.obj
                0x10001c38                _exit
 .text.exit     0x10001c3c        0x8 CMakeFiles/blink.dir/Users/loginelsalnty/Desktop/Embedded/pico/pico-sdk/src/rp2_common/pico_runtime/runtime.c.obj
                0x10001c3c                exit
 .text.panic    0x10001c44       0x30 CMakeFiles/blink.dir/Users/loginelsalnty/Desktop/Embedded/pico/pico-sdk/src/rp2_common/pico_runtime/runtime.c.obj
                0x10001c44                panic
 .text.hard_assertion_failure
                0x10001c74        0xc CMakeFiles/blink.dir/Users/loginelsalnty/Desktop/Embedded/pico/pico-sdk/src/rp2_common/pico_runtime/runtime.c.obj
                0x10001c74                hard_assertion_failure
 .text._out_null
                0x10001c80        0x4 CMakeFiles/blink.dir/Users/loginelsalnty/Desktop/Embedded/pico/pico-sdk/src/rp2_common/pico_printf/printf.c.obj
 .text._out_rev
                0x10001c84       0xac CMakeFiles/blink.dir/Users/loginelsalnty/Desktop/Embedded/pico/pico-sdk/src/rp2_common/pico_printf/printf.c.obj
 .text._ntoa_format
                0x10001d30      0x250 CMakeFiles/blink.dir/Users/loginelsalnty/Desktop/Embedded/pico/pico-sdk/src/rp2_common/pico_printf/printf.c.obj
 .text._out_char
                0x10001f80       0x10 CMakeFiles/blink.dir/Users/loginelsalnty/Desktop/Embedded/pico/pico-sdk/src/rp2_common/pico_printf/printf.c.obj
 .text._out_fct
                0x10001f90       0x10 CMakeFiles/blink.dir/Users/loginelsalnty/Desktop/Embedded/pico/pico-sdk/src/rp2_common/pico_printf/printf.c.obj
 .text._etoa    0x10001fa0      0x464 CMakeFiles/blink.dir/Users/loginelsalnty/Desktop/Embedded/pico/pico-sdk/src/rp2_common/pico_printf/printf.c.obj
 .text._ftoa    0x10002404      0x3c0 CMakeFiles/blink.dir/Users/loginelsalnty/Desktop/Embedded/pico/pico-sdk/src/rp2_common/pico_printf/printf.c.obj
 .text._vsnprintf
                0x100027c4      0xbc8 CMakeFiles/blink.dir/Users/loginelsalnty/Desktop/Embedded/pico/pico-sdk/src/rp2_common/pico_printf/printf.c.obj
 .text.vfctprintf
                0x1000338c       0x20 CMakeFiles/blink.dir/Users/loginelsalnty/Desktop/Embedded/pico/pico-sdk/src/rp2_common/pico_printf/printf.c.obj
                0x1000338c                vfctprintf
 .text.weak_raw_vprintf
                0x100033ac       0x30 CMakeFiles/blink.dir/Users/loginelsalnty/Desktop/Embedded/pico/pico-sdk/src/rp2_common/pico_printf/printf.c.obj
                0x100033ac                weak_raw_vprintf
 .text          0x100033dc       0x10 CMakeFiles/blink.dir/Users/loginelsalnty/Desktop/Embedded/pico/pico-sdk/src/rp2_common/pico_bit_ops/bit_ops_aeabi.S.obj
 .text.rom_func_lookup
                0x100033ec       0x10 CMakeFiles/blink.dir/Users/loginelsalnty/Desktop/Embedded/pico/pico-sdk/src/rp2_common/pico_bootrom/bootrom.c.obj
                0x100033ec                rom_func_lookup
 .text.rom_data_lookup
                0x100033fc       0x10 CMakeFiles/blink.dir/Users/loginelsalnty/Desktop/Embedded/pico/pico-sdk/src/rp2_common/pico_bootrom/bootrom.c.obj
                0x100033fc                rom_data_lookup
 .text.rom_funcs_lookup
                0x1000340c       0x44 CMakeFiles/blink.dir/Users/loginelsalnty/Desktop/Embedded/pico/pico-sdk/src/rp2_common/pico_bootrom/bootrom.c.obj
                0x1000340c                rom_funcs_lookup
 .text.__wrap___aeabi_idiv
                0x10003450       0x50 CMakeFiles/blink.dir/Users/loginelsalnty/Desktop/Embedded/pico/pico-sdk/src/rp2_common/pico_divider/divider.S.obj
                0x10003450                __wrap___aeabi_idivmod
                0x10003450                divmod_s32s32
                0x10003450                div_s32s32
                0x10003450                __wrap___aeabi_idiv
                0x10003458                divmod_s32s32_unsafe
                0x10003484                divmod_s32s32_savestate
 .text.__wrap___aeabi_uidiv
                0x100034a0       0x4c CMakeFiles/blink.dir/Users/loginelsalnty/Desktop/Embedded/pico/pico-sdk/src/rp2_common/pico_divider/divider.S.obj
                0x100034a0                __wrap___aeabi_uidiv
                0x100034a0                __wrap___aeabi_uidivmod
                0x100034a0                div_u32u32
                0x100034a0                divmod_u32u32
                0x100034a8                divmod_u32u32_unsafe
                0x100034d0                divmod_u32u32_savestate
 .text.__wrap___aeabi_ldiv
                0x100034ec      0x424 CMakeFiles/blink.dir/Users/loginelsalnty/Desktop/Embedded/pico/pico-sdk/src/rp2_common/pico_divider/divider.S.obj
                0x100034ec                __wrap___aeabi_ldivmod
                0x100034ec                div_s64s64
                0x100034ec                divmod_s64s64
                0x1000351c                divmod_u64u64
                0x1000351c                div_u64u64
                0x1000351c                __wrap___aeabi_uldivmod
                0x1000352c                divmod_u64u64_savestate
                0x1000354c                divmod_s64s64_unsafe
                0x100035d4                divmod_u64u64_unsafe
 .text.__wrap___aeabi_darithmetic
                0x10003910       0x60 CMakeFiles/blink.dir/Users/loginelsalnty/Desktop/Embedded/pico/pico-sdk/src/rp2_common/pico_double/double_aeabi.S.obj
                0x10003910                __wrap___aeabi_drsub
                0x10003916                __wrap___aeabi_dsub
                0x10003920                __wrap___aeabi_dadd
                0x1000392a                __wrap___aeabi_ddiv
                0x1000395e                __wrap___aeabi_dmul
 .text.__wrap___aeabi_cdcmple
                0x10003970       0x6c CMakeFiles/blink.dir/Users/loginelsalnty/Desktop/Embedded/pico/pico-sdk/src/rp2_common/pico_double/double_aeabi.S.obj
                0x10003970                __wrap___aeabi_cdrcmple
                0x10003980                __wrap___aeabi_cdcmple
                0x10003980                __wrap___aeabi_cdcmpeq
 .text.__wrap___aeabi_dcmplt
                0x100039dc        0xc CMakeFiles/blink.dir/Users/loginelsalnty/Desktop/Embedded/pico/pico-sdk/src/rp2_common/pico_double/double_aeabi.S.obj
                0x100039dc                __wrap___aeabi_dcmplt
 .text.__wrap___aeabi_dcmpge
                0x100039e8       0x10 CMakeFiles/blink.dir/Users/loginelsalnty/Desktop/Embedded/pico/pico-sdk/src/rp2_common/pico_double/double_aeabi.S.obj
                0x100039e8                __wrap___aeabi_dcmpge
 .text.__wrap___aeabi_dcmpgt
                0x100039f8        0xa CMakeFiles/blink.dir/Users/loginelsalnty/Desktop/Embedded/pico/pico-sdk/src/rp2_common/pico_double/double_aeabi.S.obj
                0x100039f8                __wrap___aeabi_dcmpgt
 .text.__wrap___aeabi_dcmpun
                0x10003a02       0x1c CMakeFiles/blink.dir/Users/loginelsalnty/Desktop/Embedded/pico/pico-sdk/src/rp2_common/pico_double/double_aeabi.S.obj
                0x10003a02                __wrap___aeabi_dcmpun
 *fill*         0x10003a1e        0x2 
 .text.__wrap___aeabi_i2d
                0x10003a20       0x38 CMakeFiles/blink.dir/Users/loginelsalnty/Desktop/Embedded/pico/pico-sdk/src/rp2_common/pico_double/double_aeabi.S.obj
                0x10003a20                __wrap___aeabi_ui2d
                0x10003a28                __wrap___aeabi_i2d
 .text.__wrap___aeabi_d2iz
                0x10003a58       0x48 CMakeFiles/blink.dir/Users/loginelsalnty/Desktop/Embedded/pico/pico-sdk/src/rp2_common/pico_double/double_aeabi.S.obj
                0x10003a58                __wrap___aeabi_d2iz
                0x10003a58                double2int_z
 .text.__wrap___aeabi_d2uiz
                0x10003aa0       0x10 CMakeFiles/blink.dir/Users/loginelsalnty/Desktop/Embedded/pico/pico-sdk/src/rp2_common/pico_double/double_aeabi.S.obj
                0x10003aa0                double2uint
                0x10003aa0                __wrap___aeabi_d2uiz
 .text.missing_double_func_shim
                0x10003ab0        0xc CMakeFiles/blink.dir/Users/loginelsalnty/Desktop/Embedded/pico/pico-sdk/src/rp2_common/pico_double/double_init_rom.c.obj
 .text.__aeabi_double_init
                0x10003abc       0x94 CMakeFiles/blink.dir/Users/loginelsalnty/Desktop/Embedded/pico/pico-sdk/src/rp2_common/pico_double/double_init_rom.c.obj
                0x10003abc                __aeabi_double_init
 .text.double_table_shim_on_use_helper
                0x10003b50       0x2c CMakeFiles/blink.dir/Users/loginelsalnty/Desktop/Embedded/pico/pico-sdk/src/rp2_common/pico_double/double_v1_rom_shim.S.obj
                0x10003b50                double_table_shim_on_use_helper
 .text.__aeabi_lmul
                0x10003b7c       0x32 CMakeFiles/blink.dir/Users/loginelsalnty/Desktop/Embedded/pico/pico-sdk/src/rp2_common/pico_int64_ops/pico_int64_ops_aeabi.S.obj
                0x10003b7c                __wrap___aeabi_lmul
 *fill*         0x10003bae        0x2 
 .text.missing_float_func_shim
                0x10003bb0        0xc CMakeFiles/blink.dir/Users/loginelsalnty/Desktop/Embedded/pico/pico-sdk/src/rp2_common/pico_float/float_init_rom.c.obj
 .text.__aeabi_float_init
                0x10003bbc       0x5c CMakeFiles/blink.dir/Users/loginelsalnty/Desktop/Embedded/pico/pico-sdk/src/rp2_common/pico_float/float_init_rom.c.obj
                0x10003bbc                __aeabi_float_init
 .text          0x10003c18       0x10 CMakeFiles/blink.dir/Users/loginelsalnty/Desktop/Embedded/pico/pico-sdk/src/rp2_common/pico_mem_ops/mem_ops_aeabi.S.obj
                0x10003c18                __aeabi_mem_init
 .text.memset   0x10003c28        0xc CMakeFiles/blink.dir/Users/loginelsalnty/Desktop/Embedded/pico/pico-sdk/src/rp2_common/pico_mem_ops/mem_ops_aeabi.S.obj
                0x10003c28                __wrap_memset
 .text.memcpy   0x10003c34        0xc CMakeFiles/blink.dir/Users/loginelsalnty/Desktop/Embedded/pico/pico-sdk/src/rp2_common/pico_mem_ops/mem_ops_aeabi.S.obj
                0x10003c34                __wrap___aeabi_memcpy
                0x10003c34                __wrap_memcpy
 .text.stdio_out_chars_crlf
                0x10003c40       0x94 CMakeFiles/blink.dir/Users/loginelsalnty/Desktop/Embedded/pico/pico-sdk/src/rp2_common/pico_stdio/stdio.c.obj
 .text.stdio_buffered_printer
                0x10003cd4       0x64 CMakeFiles/blink.dir/Users/loginelsalnty/Desktop/Embedded/pico/pico-sdk/src/rp2_common/pico_stdio/stdio.c.obj
 .text.__wrap_putchar
                0x10003d38       0x98 CMakeFiles/blink.dir/Users/loginelsalnty/Desktop/Embedded/pico/pico-sdk/src/rp2_common/pico_stdio/stdio.c.obj
                0x10003d38                __wrap_putchar
 .text.__wrap_puts
                0x10003dd0       0xe0 CMakeFiles/blink.dir/Users/loginelsalnty/Desktop/Embedded/pico/pico-sdk/src/rp2_common/pico_stdio/stdio.c.obj
                0x10003dd0                __wrap_puts
 .text.stdio_set_driver_enabled
                0x10003eb0       0x30 CMakeFiles/blink.dir/Users/loginelsalnty/Desktop/Embedded/pico/pico-sdk/src/rp2_common/pico_stdio/stdio.c.obj
                0x10003eb0                stdio_set_driver_enabled
 .text.__wrap_vprintf
                0x10003ee0       0xd4 CMakeFiles/blink.dir/Users/loginelsalnty/Desktop/Embedded/pico/pico-sdk/src/rp2_common/pico_stdio/stdio.c.obj
                0x10003ee0                __wrap_vprintf
 .text.__wrap_printf
                0x10003fb4       0x18 CMakeFiles/blink.dir/Users/loginelsalnty/Desktop/Embedded/pico/pico-sdk/src/rp2_common/pico_stdio/stdio.c.obj
                0x10003fb4                __wrap_printf
 .text.stdio_init_all
                0x10003fcc        0xc CMakeFiles/blink.dir/Users/loginelsalnty/Desktop/Embedded/pico/pico-sdk/src/rp2_common/pico_stdio/stdio.c.obj
                0x10003fcc                stdio_init_all
 .text.stdio_uart_out_chars
                0x10003fd8       0x4c CMakeFiles/blink.dir/Users/loginelsalnty/Desktop/Embedded/pico/pico-sdk/src/rp2_common/pico_stdio_uart/stdio_uart.c.obj
 .text.stdio_uart_in_chars
                0x10004024       0x90 CMakeFiles/blink.dir/Users/loginelsalnty/Desktop/Embedded/pico/pico-sdk/src/rp2_common/pico_stdio_uart/stdio_uart.c.obj
                0x10004024                stdio_uart_in_chars
 .text.on_uart_rx
                0x100040b4       0x28 CMakeFiles/blink.dir/Users/loginelsalnty/Desktop/Embedded/pico/pico-sdk/src/rp2_common/pico_stdio_uart/stdio_uart.c.obj
 .text.stdio_uart_set_chars_available_callback
                0x100040dc       0x8c CMakeFiles/blink.dir/Users/loginelsalnty/Desktop/Embedded/pico/pico-sdk/src/rp2_common/pico_stdio_uart/stdio_uart.c.obj
 .text.stdio_uart_init
                0x10004168       0x48 CMakeFiles/blink.dir/Users/loginelsalnty/Desktop/Embedded/pico/pico-sdk/src/rp2_common/pico_stdio_uart/stdio_uart.c.obj
                0x10004168                stdio_uart_init
 .text.startup._retrieve_unique_id_on_boot
                0x100041b0       0x10 CMakeFiles/blink.dir/Users/loginelsalnty/Desktop/Embedded/pico/pico-sdk/src/rp2_common/pico_unique_id/unique_id.c.obj
 .text.flash_get_unique_id
                0x100041c0       0x3c CMakeFiles/blink.dir/Users/loginelsalnty/Desktop/Embedded/pico/pico-sdk/src/rp2_common/hardware_flash/flash.c.obj
                0x100041c0                flash_get_unique_id
 .text.adc_init
                0x100041fc       0x38 CMakeFiles/blink.dir/Users/loginelsalnty/Desktop/Embedded/pico/pico-sdk/src/rp2_common/hardware_adc/adc.c.obj
                0x100041fc                adc_init
 .text.strlen   0x10004234       0x5c /Applications/ArmGNUToolchain/13.2.Rel1/arm-none-eabi/bin/../lib/gcc/arm-none-eabi/13.2.1/../../../../arm-none-eabi/lib/thumb/v6-m/nofp/libc.a(libc_a-strlen-stub.o)
                0x10004234                strlen
 *(.fini)
 .fini          0x10004290        0x4 /Applications/ArmGNUToolchain/13.2.Rel1/arm-none-eabi/bin/../lib/gcc/arm-none-eabi/13.2.1/thumb/v6-m/nofp/crti.o
                0x10004290                _fini
 *fill*         0x10004294        0x4 
 .fini.__stub   0x10004298       0x50 linker stubs
 *crtbegin.o(.ctors)
 *crtbegin?.o(.ctors)
 *(EXCLUDE_FILE(*crtend.o *crtend?.o) .ctors)
 *(SORT_BY_NAME(.ctors.*))
 *(.ctors)
 *crtbegin.o(.dtors)
 *crtbegin?.o(.dtors)
 *(EXCLUDE_FILE(*crtend.o *crtend?.o) .dtors)
 *(SORT_BY_NAME(.dtors.*))
 *(.dtors)
 *(.eh_frame*)
 .eh_frame      0x100042e8        0x0 /Applications/ArmGNUToolchain/13.2.Rel1/arm-none-eabi/bin/../lib/gcc/arm-none-eabi/13.2.1/thumb/v6-m/nofp/crtbegin.o
                0x100042e8                        . = ALIGN (0x4)

.glue_7         0x100042e8        0x0
 .glue_7        0x100042e8        0x0 linker stubs

.glue_7t        0x100042e8        0x0
 .glue_7t       0x100042e8        0x0 linker stubs

.vfp11_veneer   0x100042e8        0x0
 .vfp11_veneer  0x100042e8        0x0 linker stubs

.v4_bx          0x100042e8        0x0
 .v4_bx         0x100042e8        0x0 linker stubs

.iplt           0x100042e8        0x0
 .iplt          0x100042e8        0x0 /Applications/ArmGNUToolchain/13.2.Rel1/arm-none-eabi/bin/../lib/gcc/arm-none-eabi/13.2.1/thumb/v6-m/nofp/crtbegin.o

.rodata         0x100042e8      0x324
 *(EXCLUDE_FILE(*libm.a: *libc.a:*lib_a-mem*.o *libgcc.a:) .rodata*)
 .rodata.main.str1.4
                0x100042e8       0xf8 CMakeFiles/blink.dir/blink.c.obj
                                 0x19 (size before relaxing)
 .rodata.hardware_alarm_claim.str1.4
                0x100043e0       0x22 CMakeFiles/blink.dir/Users/loginelsalnty/Desktop/Embedded/pico/pico-sdk/src/rp2_common/hardware_timer/timer.c.obj
 .rodata.panic.str1.4
                0x100043e0       0x12 CMakeFiles/blink.dir/Users/loginelsalnty/Desktop/Embedded/pico/pico-sdk/src/rp2_common/pico_runtime/runtime.c.obj
 .rodata.hard_assertion_failure.str1.4
                0x100043e0        0xc CMakeFiles/blink.dir/Users/loginelsalnty/Desktop/Embedded/pico/pico-sdk/src/rp2_common/pico_runtime/runtime.c.obj
 .rodata._ftoa.str1.4
                0x100043e0       0x15 CMakeFiles/blink.dir/Users/loginelsalnty/Desktop/Embedded/pico/pico-sdk/src/rp2_common/pico_printf/printf.c.obj
 .rodata._vsnprintf
                0x100043e0      0x19c CMakeFiles/blink.dir/Users/loginelsalnty/Desktop/Embedded/pico/pico-sdk/src/rp2_common/pico_printf/printf.c.obj
 *fill*         0x1000457c        0x4 
 .rodata.pow10.0
                0x10004580       0x50 CMakeFiles/blink.dir/Users/loginelsalnty/Desktop/Embedded/pico/pico-sdk/src/rp2_common/pico_printf/printf.c.obj
 .rodata.missing_double_func_shim.str1.4
                0x100045d0       0x18 CMakeFiles/blink.dir/Users/loginelsalnty/Desktop/Embedded/pico/pico-sdk/src/rp2_common/pico_double/double_init_rom.c.obj
 .rodata.missing_float_func_shim.str1.4
                0x100045d0        0x1 CMakeFiles/blink.dir/Users/loginelsalnty/Desktop/Embedded/pico/pico-sdk/src/rp2_common/pico_float/float_init_rom.c.obj
 .rodata.str1.4
                0x100045d0       0x3c CMakeFiles/blink.dir/Users/loginelsalnty/Desktop/Embedded/pico/pico-sdk/src/rp2_common/pico_standard_link/binary_info.c.obj
 .rodata.__bi_81
                0x100045d0        0xc CMakeFiles/blink.dir/Users/loginelsalnty/Desktop/Embedded/pico/pico-sdk/src/rp2_common/pico_standard_link/binary_info.c.obj
 .rodata.__bi_75
                0x100045dc        0xc CMakeFiles/blink.dir/Users/loginelsalnty/Desktop/Embedded/pico/pico-sdk/src/rp2_common/pico_standard_link/binary_info.c.obj
 .rodata.__bi_44
                0x100045e8        0xc CMakeFiles/blink.dir/Users/loginelsalnty/Desktop/Embedded/pico/pico-sdk/src/rp2_common/pico_standard_link/binary_info.c.obj
 .rodata.crlf_str.0
                0x100045f4        0x2 CMakeFiles/blink.dir/Users/loginelsalnty/Desktop/Embedded/pico/pico-sdk/src/rp2_common/pico_stdio/stdio.c.obj
 .rodata.str1.4
                0x100045f6       0x2c CMakeFiles/blink.dir/Users/loginelsalnty/Desktop/Embedded/pico/pico-sdk/src/rp2_common/pico_stdio_uart/stdio_uart.c.obj
 *fill*         0x100045f6        0x2 
 .rodata.__bi_33.4
                0x100045f8        0xc CMakeFiles/blink.dir/Users/loginelsalnty/Desktop/Embedded/pico/pico-sdk/src/rp2_common/pico_stdio_uart/stdio_uart.c.obj
 .rodata.__bi_34.5
                0x10004604        0x8 CMakeFiles/blink.dir/Users/loginelsalnty/Desktop/Embedded/pico/pico-sdk/src/rp2_common/pico_stdio_uart/stdio_uart.c.obj
                0x1000460c                        . = ALIGN (0x4)
 *(SORT_BY_ALIGNMENT(SORT_BY_NAME(.flashdata*)))
                0x1000460c                        . = ALIGN (0x4)

.ARM.extab
 *(.ARM.extab* .gnu.linkonce.armextab.*)
                0x1000460c                        __exidx_start = .

.ARM.exidx
 *(.ARM.exidx* .gnu.linkonce.armexidx.*)
                0x1000460c                        __exidx_end = .
                0x1000460c                        . = ALIGN (0x4)
                0x1000460c                        __binary_info_start = .

.binary_info    0x1000460c       0x24
 *(.binary_info.keep.*)
 .binary_info.keep.__bi_ptr81
                0x1000460c        0x4 CMakeFiles/blink.dir/Users/loginelsalnty/Desktop/Embedded/pico/pico-sdk/src/rp2_common/pico_standard_link/binary_info.c.obj
 .binary_info.keep.__bi_ptr75
                0x10004610        0x4 CMakeFiles/blink.dir/Users/loginelsalnty/Desktop/Embedded/pico/pico-sdk/src/rp2_common/pico_standard_link/binary_info.c.obj
 .binary_info.keep.__bi_ptr50
                0x10004614        0x4 CMakeFiles/blink.dir/Users/loginelsalnty/Desktop/Embedded/pico/pico-sdk/src/rp2_common/pico_standard_link/binary_info.c.obj
 .binary_info.keep.__bi_ptr44
                0x10004618        0x4 CMakeFiles/blink.dir/Users/loginelsalnty/Desktop/Embedded/pico/pico-sdk/src/rp2_common/pico_standard_link/binary_info.c.obj
 .binary_info.keep.__bi_ptr38
                0x1000461c        0x4 CMakeFiles/blink.dir/Users/loginelsalnty/Desktop/Embedded/pico/pico-sdk/src/rp2_common/pico_standard_link/binary_info.c.obj
 .binary_info.keep.__bi_ptr30
                0x10004620        0x4 CMakeFiles/blink.dir/Users/loginelsalnty/Desktop/Embedded/pico/pico-sdk/src/rp2_common/pico_standard_link/binary_info.c.obj
 .binary_info.keep.__bi_ptr22
                0x10004624        0x4 CMakeFiles/blink.dir/Users/loginelsalnty/Desktop/Embedded/pico/pico-sdk/src/rp2_common/pico_standard_link/binary_info.c.obj
 *(.binary_info.*)
 .binary_info.__bi_ptr34
                0x10004628        0x4 CMakeFiles/blink.dir/Users/loginelsalnty/Desktop/Embedded/pico/pico-sdk/src/rp2_common/pico_stdio_uart/stdio_uart.c.obj
 .binary_info.__bi_ptr33
                0x1000462c        0x4 CMakeFiles/blink.dir/Users/loginelsalnty/Desktop/Embedded/pico/pico-sdk/src/rp2_common/pico_stdio_uart/stdio_uart.c.obj
                0x10004630                        __binary_info_end = .

.rel.dyn        0x10004630        0x0
 .rel.iplt      0x10004630        0x0 /Applications/ArmGNUToolchain/13.2.Rel1/arm-none-eabi/bin/../lib/gcc/arm-none-eabi/13.2.1/thumb/v6-m/nofp/crtbegin.o
                0x10004630                        . = ALIGN (0x4)

.ram_vector_table
                0x20000000       0xc0
 *(.ram_vector_table)
 .ram_vector_table
                0x20000000       0xc0 CMakeFiles/blink.dir/Users/loginelsalnty/Desktop/Embedded/pico/pico-sdk/src/rp2_common/pico_runtime/runtime.c.obj
                0x20000000                ram_vector_table

.data           0x200000c0      0x2e8 load address 0x10004630
                0x200000c0                        __data_start__ = .
 *(vtable)
 *(.time_critical*)
 .time_critical.mutex_try_enter_block_until
                0x200000c0       0x9c CMakeFiles/blink.dir/Users/loginelsalnty/Desktop/Embedded/pico/pico-sdk/src/common/pico_sync/mutex.c.obj
                0x200000c0                mutex_try_enter_block_until
 .time_critical.mutex_exit
                0x2000015c       0x28 CMakeFiles/blink.dir/Users/loginelsalnty/Desktop/Embedded/pico/pico-sdk/src/common/pico_sync/mutex.c.obj
                0x2000015c                mutex_exit
 .time_critical.flash_init_boot2_copyout
                0x20000184       0x30 CMakeFiles/blink.dir/Users/loginelsalnty/Desktop/Embedded/pico/pico-sdk/src/rp2_common/hardware_flash/flash.c.obj
 .time_critical.flash_enable_xip_via_boot2
                0x200001b4        0xc CMakeFiles/blink.dir/Users/loginelsalnty/Desktop/Embedded/pico/pico-sdk/src/rp2_common/hardware_flash/flash.c.obj
 .time_critical.flash_cs_force
                0x200001c0       0x38 CMakeFiles/blink.dir/Users/loginelsalnty/Desktop/Embedded/pico/pico-sdk/src/rp2_common/hardware_flash/flash.c.obj
 .time_critical.flash_do_cmd
                0x200001f8       0xc0 CMakeFiles/blink.dir/Users/loginelsalnty/Desktop/Embedded/pico/pico-sdk/src/rp2_common/hardware_flash/flash.c.obj
                0x200001f8                flash_do_cmd
 *(.text*)
 .text          0x200002b8        0x4 /Applications/ArmGNUToolchain/13.2.Rel1/arm-none-eabi/bin/../lib/gcc/arm-none-eabi/13.2.1/thumb/v6-m/nofp/libgcc.a(_dvmd_tls.o)
                0x200002b8                __aeabi_ldiv0
                0x200002b8                __aeabi_idiv0
 *fill*         0x200002bc        0x4 
 .text.__stub   0x200002c0       0x10 linker stubs
                0x200002d0                        . = ALIGN (0x4)
 *(.rodata*)
                0x200002d0                        . = ALIGN (0x4)
 *(.data*)
 .data.striped_spin_lock_num
                0x200002d0        0x1 CMakeFiles/blink.dir/Users/loginelsalnty/Desktop/Embedded/pico/pico-sdk/src/rp2_common/hardware_sync/sync.c.obj
 *fill*         0x200002d1        0x3 
 .data          0x200002d4       0x48 CMakeFiles/blink.dir/Users/loginelsalnty/Desktop/Embedded/pico/pico-sdk/src/rp2_common/hardware_irq/irq_handler_chain.S.obj
                0x200002d4                irq_handler_chain_slots
                0x20000304                irq_handler_chain_first_slot
                0x2000030e                irq_handler_chain_remove_tail
 .data.default_alarm_pool
                0x2000031c       0x18 CMakeFiles/blink.dir/Users/loginelsalnty/Desktop/Embedded/pico/pico-sdk/src/common/pico_time/time.c.obj
 .data.default_alarm_pool_heap
                0x20000334       0x10 CMakeFiles/blink.dir/Users/loginelsalnty/Desktop/Embedded/pico/pico-sdk/src/common/pico_time/time.c.obj
 *fill*         0x20000344        0xc 
 .data.aeabi_bits_funcs
                0x20000350       0x10 CMakeFiles/blink.dir/Users/loginelsalnty/Desktop/Embedded/pico/pico-sdk/src/rp2_common/pico_bit_ops/bit_ops_aeabi.S.obj
                0x20000350                aeabi_bits_funcs
                0x20000360                aeabi_bits_funcs_end
 .data.aeabi_mem_funcs
                0x20000360       0x10 CMakeFiles/blink.dir/Users/loginelsalnty/Desktop/Embedded/pico/pico-sdk/src/rp2_common/pico_mem_ops/mem_ops_aeabi.S.obj
                0x20000360                aeabi_mem_funcs
                0x20000370                aeabi_mem_funcs_end
 .data.stdio_uart
                0x20000370       0x18 CMakeFiles/blink.dir/Users/loginelsalnty/Desktop/Embedded/pico/pico-sdk/src/rp2_common/pico_stdio_uart/stdio_uart.c.obj
                0x20000370                stdio_uart
                0x20000388                        . = ALIGN (0x4)
 *(.after_data.*)
                0x20000388                        . = ALIGN (0x4)
                0x20000388                        PROVIDE (__mutex_array_start = .)
 *(SORT_BY_NAME(.mutex_array.*))
 *(.mutex_array)
 .mutex_array   0x20000388        0x8 CMakeFiles/blink.dir/Users/loginelsalnty/Desktop/Embedded/pico/pico-sdk/src/rp2_common/pico_stdio/stdio.c.obj
                0x20000390                        PROVIDE (__mutex_array_end = .)
                0x20000390                        . = ALIGN (0x4)
                0x20000390                        PROVIDE (__preinit_array_start = .)
 *(SORT_BY_NAME(.preinit_array.*))
 .preinit_array.00001
                0x20000390        0x4 CMakeFiles/blink.dir/Users/loginelsalnty/Desktop/Embedded/pico/pico-sdk/src/rp2_common/pico_mem_ops/mem_ops_aeabi.S.obj
 .preinit_array.00010
                0x20000394        0x4 CMakeFiles/blink.dir/Users/loginelsalnty/Desktop/Embedded/pico/pico-sdk/src/rp2_common/pico_bit_ops/bit_ops_aeabi.S.obj
 .preinit_array.00020
                0x20000398        0x4 CMakeFiles/blink.dir/Users/loginelsalnty/Desktop/Embedded/pico/pico-sdk/src/rp2_common/pico_double/double_aeabi.S.obj
 .preinit_array.00020
                0x2000039c        0x4 CMakeFiles/blink.dir/Users/loginelsalnty/Desktop/Embedded/pico/pico-sdk/src/rp2_common/pico_float/float_aeabi.S.obj
 *(.preinit_array)
                0x200003a0                        PROVIDE (__preinit_array_end = .)
                0x200003a0                        . = ALIGN (0x4)
                0x200003a0                        PROVIDE (__init_array_start = .)
 *(SORT_BY_NAME(.init_array.*))
 *(.init_array)
 .init_array    0x200003a0        0x4 /Applications/ArmGNUToolchain/13.2.Rel1/arm-none-eabi/bin/../lib/gcc/arm-none-eabi/13.2.1/thumb/v6-m/nofp/crtbegin.o
 .init_array    0x200003a4        0x4 CMakeFiles/blink.dir/Users/loginelsalnty/Desktop/Embedded/pico/pico-sdk/src/rp2_common/pico_unique_id/unique_id.c.obj
                0x200003a8                        PROVIDE (__init_array_end = .)
                0x200003a8                        . = ALIGN (0x4)
                [!provide]                        PROVIDE (__fini_array_start = .)
 *(SORT_BY_NAME(.fini_array.*))
 *(.fini_array)
                [!provide]                        PROVIDE (__fini_array_end = .)
 *(.jcr)
                0x200003a8                        . = ALIGN (0x4)
                0x200003a8                        __data_end__ = .
                0x10004630                        __etext = LOADADDR (.data)

.tm_clone_table
                0x200003a8        0x0 load address 0x10004918
 .tm_clone_table
                0x200003a8        0x0 /Applications/ArmGNUToolchain/13.2.Rel1/arm-none-eabi/bin/../lib/gcc/arm-none-eabi/13.2.1/thumb/v6-m/nofp/crtbegin.o
 .tm_clone_table
                0x200003a8        0x0 /Applications/ArmGNUToolchain/13.2.Rel1/arm-none-eabi/bin/../lib/gcc/arm-none-eabi/13.2.1/thumb/v6-m/nofp/crtend.o

.igot.plt       0x200003a8        0x0 load address 0x10004918
 .igot.plt      0x200003a8        0x0 /Applications/ArmGNUToolchain/13.2.Rel1/arm-none-eabi/bin/../lib/gcc/arm-none-eabi/13.2.1/thumb/v6-m/nofp/crtbegin.o

.uninitialized_data
                0x200003a8        0x0 load address 0x10004918
                0x200003a8                        . = ALIGN (0x4)
 *(.uninitialized_data*)

.scratch_x      0x20040000        0x0 load address 0x10004918
                0x20040000                        __scratch_x_start__ = .
 *(.scratch_x.*)
                0x20040000                        . = ALIGN (0x4)
                0x20040000                        __scratch_x_end__ = .
                0x10004918                        __scratch_x_source__ = LOADADDR (.scratch_x)

.scratch_y      0x20041000        0x0 load address 0x10004918
                0x20041000                        __scratch_y_start__ = .
 *(.scratch_y.*)
                0x20041000                        . = ALIGN (0x4)
                0x20041000                        __scratch_y_end__ = .
                0x10004918                        __scratch_y_source__ = LOADADDR (.scratch_y)

.bss            0x200003a8      0x4e0
                0x200003a8                        . = ALIGN (0x4)
                0x200003a8                        __bss_start__ = .
 *(SORT_BY_ALIGNMENT(SORT_BY_NAME(.bss*)))
 .bss.configured_freq
                0x200003a8       0x28 CMakeFiles/blink.dir/Users/loginelsalnty/Desktop/Embedded/pico/pico-sdk/src/rp2_common/hardware_clocks/clocks.c.obj
 .bss.default_alarm_pool_entries
                0x200003d0      0x100 CMakeFiles/blink.dir/Users/loginelsalnty/Desktop/Embedded/pico/pico-sdk/src/common/pico_time/time.c.obj
 .bss.sd_table  0x200004d0      0x100 CMakeFiles/blink.dir/Users/loginelsalnty/Desktop/Embedded/pico/pico-sdk/src/rp2_common/pico_double/double_init_rom.c.obj
                0x200004d0                sd_table
 .bss.alarm_callbacks
                0x200005d0       0x10 CMakeFiles/blink.dir/Users/loginelsalnty/Desktop/Embedded/pico/pico-sdk/src/rp2_common/hardware_timer/timer.c.obj
 .bss.boot2_copyout
                0x200005e0      0x100 CMakeFiles/blink.dir/Users/loginelsalnty/Desktop/Embedded/pico/pico-sdk/src/rp2_common/hardware_flash/flash.c.obj
 .bss.chars_available_callback
                0x200006e0        0x4 CMakeFiles/blink.dir/Users/loginelsalnty/Desktop/Embedded/pico/pico-sdk/src/rp2_common/pico_stdio_uart/stdio_uart.c.obj
 .bss.chars_available_param
                0x200006e4        0x4 CMakeFiles/blink.dir/Users/loginelsalnty/Desktop/Embedded/pico/pico-sdk/src/rp2_common/pico_stdio_uart/stdio_uart.c.obj
 .bss.default_alarm_pool_entry_ids_high
                0x200006e8       0x10 CMakeFiles/blink.dir/Users/loginelsalnty/Desktop/Embedded/pico/pico-sdk/src/common/pico_time/time.c.obj
 .bss.default_alarm_pool_heap_nodes
                0x200006f8       0x30 CMakeFiles/blink.dir/Users/loginelsalnty/Desktop/Embedded/pico/pico-sdk/src/common/pico_time/time.c.obj
 .bss.drivers   0x20000728        0x4 CMakeFiles/blink.dir/Users/loginelsalnty/Desktop/Embedded/pico/pico-sdk/src/rp2_common/pico_stdio/stdio.c.obj
 .bss.filter    0x2000072c        0x4 CMakeFiles/blink.dir/Users/loginelsalnty/Desktop/Embedded/pico/pico-sdk/src/rp2_common/pico_stdio/stdio.c.obj
 .bss.lazy_vsnprintf
                0x20000730        0x4 CMakeFiles/blink.dir/Users/loginelsalnty/Desktop/Embedded/pico/pico-sdk/src/rp2_common/pico_printf/printf.c.obj
 .bss.object.0  0x20000734       0x18 /Applications/ArmGNUToolchain/13.2.Rel1/arm-none-eabi/bin/../lib/gcc/arm-none-eabi/13.2.1/thumb/v6-m/nofp/crtbegin.o
 .bss.pools     0x2000074c       0x10 CMakeFiles/blink.dir/Users/loginelsalnty/Desktop/Embedded/pico/pico-sdk/src/common/pico_time/time.c.obj
 .bss.retrieved_id
                0x2000075c        0x8 CMakeFiles/blink.dir/Users/loginelsalnty/Desktop/Embedded/pico/pico-sdk/src/rp2_common/pico_unique_id/unique_id.c.obj
 .bss.sf_clz_func
                0x20000764        0x4 CMakeFiles/blink.dir/Users/loginelsalnty/Desktop/Embedded/pico/pico-sdk/src/rp2_common/pico_double/double_init_rom.c.obj
                0x20000764                sf_clz_func
 .bss.sf_table  0x20000768      0x100 CMakeFiles/blink.dir/Users/loginelsalnty/Desktop/Embedded/pico/pico-sdk/src/rp2_common/pico_float/float_init_rom.c.obj
                0x20000768                sf_table
 .bss.sleep_notifier
                0x20000868        0x4 CMakeFiles/blink.dir/Users/loginelsalnty/Desktop/Embedded/pico/pico-sdk/src/common/pico_time/time.c.obj
 .bss.target_hi
                0x2000086c       0x10 CMakeFiles/blink.dir/Users/loginelsalnty/Desktop/Embedded/pico/pico-sdk/src/rp2_common/hardware_timer/timer.c.obj
 .bss.uart_char_to_line_feed
                0x2000087c        0x4 CMakeFiles/blink.dir/Users/loginelsalnty/Desktop/Embedded/pico/pico-sdk/src/rp2_common/hardware_uart/uart.c.obj
                0x2000087c                uart_char_to_line_feed
 .bss.uart_instance
                0x20000880        0x4 CMakeFiles/blink.dir/Users/loginelsalnty/Desktop/Embedded/pico/pico-sdk/src/rp2_common/pico_stdio_uart/stdio_uart.c.obj
 .bss.boot2_copyout_valid
                0x20000884        0x1 CMakeFiles/blink.dir/Users/loginelsalnty/Desktop/Embedded/pico/pico-sdk/src/rp2_common/hardware_flash/flash.c.obj
 .bss.claimed   0x20000885        0x1 CMakeFiles/blink.dir/Users/loginelsalnty/Desktop/Embedded/pico/pico-sdk/src/rp2_common/hardware_timer/timer.c.obj
 .bss.irq_hander_chain_free_slot_head
                0x20000886        0x1 CMakeFiles/blink.dir/Users/loginelsalnty/Desktop/Embedded/pico/pico-sdk/src/rp2_common/hardware_irq/irq.c.obj
 .bss.timer_callbacks_pending
                0x20000887        0x1 CMakeFiles/blink.dir/Users/loginelsalnty/Desktop/Embedded/pico/pico-sdk/src/rp2_common/hardware_timer/timer.c.obj
 *(COMMON)
                0x20000888                        . = ALIGN (0x4)
                0x20000888                        __bss_end__ = .

.heap           0x20000888      0x800
                0x20000888                        __end__ = .
                0x20000888                        end = __end__
 *(.heap*)
 .heap          0x20000888      0x800 CMakeFiles/blink.dir/Users/loginelsalnty/Desktop/Embedded/pico/pico-sdk/src/rp2_common/pico_standard_link/crt0.S.obj
                0x20001088                        __HeapLimit = .

.stack1_dummy
 *(.stack1*)

.stack_dummy    0x20041000      0x800
 *(.stack*)
 .stack         0x20041000      0x800 CMakeFiles/blink.dir/Users/loginelsalnty/Desktop/Embedded/pico/pico-sdk/src/rp2_common/pico_standard_link/crt0.S.obj

.flash_end      0x10004918        0x0
                0x10004918                        PROVIDE (__flash_binary_end = .)
                0x20040000                        __StackLimit = (ORIGIN (RAM) + LENGTH (RAM))
                0x20041000                        __StackOneTop = (ORIGIN (SCRATCH_X) + LENGTH (SCRATCH_X))
                0x20042000                        __StackTop = (ORIGIN (SCRATCH_Y) + LENGTH (SCRATCH_Y))
                0x20041000                        __StackOneBottom = (__StackOneTop - SIZEOF (.stack1_dummy))
                0x20041800                        __StackBottom = (__StackTop - SIZEOF (.stack_dummy))
                0x20042000                        PROVIDE (__stack = __StackTop)
                0x00000001                        ASSERT ((__StackLimit >= __HeapLimit), region RAM overflowed)
                0x00000001                        ASSERT (((__binary_info_header_end - __logical_binary_start) <= 0x100), Binary info must be in first 256 bytes of the binary)
LOAD CMakeFiles/blink.dir/blink.c.obj
LOAD CMakeFiles/blink.dir/Users/loginelsalnty/Desktop/Embedded/pico/pico-sdk/src/rp2_common/pico_stdlib/stdlib.c.obj
LOAD CMakeFiles/blink.dir/Users/loginelsalnty/Desktop/Embedded/pico/pico-sdk/src/rp2_common/hardware_gpio/gpio.c.obj
LOAD CMakeFiles/blink.dir/Users/loginelsalnty/Desktop/Embedded/pico/pico-sdk/src/rp2_common/pico_platform/platform.c.obj
LOAD CMakeFiles/blink.dir/Users/loginelsalnty/Desktop/Embedded/pico/pico-sdk/src/rp2_common/hardware_claim/claim.c.obj
LOAD CMakeFiles/blink.dir/Users/loginelsalnty/Desktop/Embedded/pico/pico-sdk/src/rp2_common/hardware_sync/sync.c.obj
LOAD CMakeFiles/blink.dir/Users/loginelsalnty/Desktop/Embedded/pico/pico-sdk/src/rp2_common/hardware_irq/irq.c.obj
LOAD CMakeFiles/blink.dir/Users/loginelsalnty/Desktop/Embedded/pico/pico-sdk/src/rp2_common/hardware_irq/irq_handler_chain.S.obj
LOAD CMakeFiles/blink.dir/Users/loginelsalnty/Desktop/Embedded/pico/pico-sdk/src/common/pico_sync/sem.c.obj
LOAD CMakeFiles/blink.dir/Users/loginelsalnty/Desktop/Embedded/pico/pico-sdk/src/common/pico_sync/lock_core.c.obj
LOAD CMakeFiles/blink.dir/Users/loginelsalnty/Desktop/Embedded/pico/pico-sdk/src/common/pico_sync/mutex.c.obj
LOAD CMakeFiles/blink.dir/Users/loginelsalnty/Desktop/Embedded/pico/pico-sdk/src/common/pico_sync/critical_section.c.obj
LOAD CMakeFiles/blink.dir/Users/loginelsalnty/Desktop/Embedded/pico/pico-sdk/src/common/pico_time/time.c.obj
LOAD CMakeFiles/blink.dir/Users/loginelsalnty/Desktop/Embedded/pico/pico-sdk/src/common/pico_time/timeout_helper.c.obj
LOAD CMakeFiles/blink.dir/Users/loginelsalnty/Desktop/Embedded/pico/pico-sdk/src/rp2_common/hardware_timer/timer.c.obj
LOAD CMakeFiles/blink.dir/Users/loginelsalnty/Desktop/Embedded/pico/pico-sdk/src/common/pico_util/datetime.c.obj
LOAD CMakeFiles/blink.dir/Users/loginelsalnty/Desktop/Embedded/pico/pico-sdk/src/common/pico_util/pheap.c.obj
LOAD CMakeFiles/blink.dir/Users/loginelsalnty/Desktop/Embedded/pico/pico-sdk/src/common/pico_util/queue.c.obj
LOAD CMakeFiles/blink.dir/Users/loginelsalnty/Desktop/Embedded/pico/pico-sdk/src/rp2_common/hardware_uart/uart.c.obj
LOAD CMakeFiles/blink.dir/Users/loginelsalnty/Desktop/Embedded/pico/pico-sdk/src/rp2_common/hardware_clocks/clocks.c.obj
LOAD CMakeFiles/blink.dir/Users/loginelsalnty/Desktop/Embedded/pico/pico-sdk/src/rp2_common/hardware_pll/pll.c.obj
LOAD CMakeFiles/blink.dir/Users/loginelsalnty/Desktop/Embedded/pico/pico-sdk/src/rp2_common/hardware_vreg/vreg.c.obj
LOAD CMakeFiles/blink.dir/Users/loginelsalnty/Desktop/Embedded/pico/pico-sdk/src/rp2_common/hardware_watchdog/watchdog.c.obj
LOAD CMakeFiles/blink.dir/Users/loginelsalnty/Desktop/Embedded/pico/pico-sdk/src/rp2_common/hardware_xosc/xosc.c.obj
LOAD CMakeFiles/blink.dir/Users/loginelsalnty/Desktop/Embedded/pico/pico-sdk/src/rp2_common/hardware_divider/divider.S.obj
LOAD CMakeFiles/blink.dir/Users/loginelsalnty/Desktop/Embedded/pico/pico-sdk/src/rp2_common/pico_runtime/runtime.c.obj
LOAD CMakeFiles/blink.dir/Users/loginelsalnty/Desktop/Embedded/pico/pico-sdk/src/rp2_common/pico_printf/printf.c.obj
LOAD CMakeFiles/blink.dir/Users/loginelsalnty/Desktop/Embedded/pico/pico-sdk/src/rp2_common/pico_bit_ops/bit_ops_aeabi.S.obj
LOAD CMakeFiles/blink.dir/Users/loginelsalnty/Desktop/Embedded/pico/pico-sdk/src/rp2_common/pico_bootrom/bootrom.c.obj
LOAD CMakeFiles/blink.dir/Users/loginelsalnty/Desktop/Embedded/pico/pico-sdk/src/rp2_common/pico_divider/divider.S.obj
LOAD CMakeFiles/blink.dir/Users/loginelsalnty/Desktop/Embedded/pico/pico-sdk/src/rp2_common/pico_double/double_aeabi.S.obj
LOAD CMakeFiles/blink.dir/Users/loginelsalnty/Desktop/Embedded/pico/pico-sdk/src/rp2_common/pico_double/double_init_rom.c.obj
LOAD CMakeFiles/blink.dir/Users/loginelsalnty/Desktop/Embedded/pico/pico-sdk/src/rp2_common/pico_double/double_math.c.obj
LOAD CMakeFiles/blink.dir/Users/loginelsalnty/Desktop/Embedded/pico/pico-sdk/src/rp2_common/pico_double/double_v1_rom_shim.S.obj
LOAD CMakeFiles/blink.dir/Users/loginelsalnty/Desktop/Embedded/pico/pico-sdk/src/rp2_common/pico_int64_ops/pico_int64_ops_aeabi.S.obj
LOAD CMakeFiles/blink.dir/Users/loginelsalnty/Desktop/Embedded/pico/pico-sdk/src/rp2_common/pico_float/float_aeabi.S.obj
LOAD CMakeFiles/blink.dir/Users/loginelsalnty/Desktop/Embedded/pico/pico-sdk/src/rp2_common/pico_float/float_init_rom.c.obj
LOAD CMakeFiles/blink.dir/Users/loginelsalnty/Desktop/Embedded/pico/pico-sdk/src/rp2_common/pico_float/float_math.c.obj
LOAD CMakeFiles/blink.dir/Users/loginelsalnty/Desktop/Embedded/pico/pico-sdk/src/rp2_common/pico_float/float_v1_rom_shim.S.obj
LOAD CMakeFiles/blink.dir/Users/loginelsalnty/Desktop/Embedded/pico/pico-sdk/src/rp2_common/pico_malloc/pico_malloc.c.obj
LOAD CMakeFiles/blink.dir/Users/loginelsalnty/Desktop/Embedded/pico/pico-sdk/src/rp2_common/pico_mem_ops/mem_ops_aeabi.S.obj
LOAD CMakeFiles/blink.dir/Users/loginelsalnty/Desktop/Embedded/pico/pico-sdk/src/rp2_common/pico_standard_link/crt0.S.obj
LOAD CMakeFiles/blink.dir/Users/loginelsalnty/Desktop/Embedded/pico/pico-sdk/src/rp2_common/pico_standard_link/new_delete.cpp.obj
LOAD CMakeFiles/blink.dir/Users/loginelsalnty/Desktop/Embedded/pico/pico-sdk/src/rp2_common/pico_standard_link/binary_info.c.obj
LOAD CMakeFiles/blink.dir/Users/loginelsalnty/Desktop/Embedded/pico/pico-sdk/src/rp2_common/pico_stdio/stdio.c.obj
LOAD CMakeFiles/blink.dir/Users/loginelsalnty/Desktop/Embedded/pico/pico-sdk/src/rp2_common/pico_stdio_uart/stdio_uart.c.obj
LOAD CMakeFiles/blink.dir/Users/loginelsalnty/Desktop/Embedded/pico/pico-sdk/src/rp2_common/pico_cyw43_arch/cyw43_arch.c.obj
LOAD CMakeFiles/blink.dir/Users/loginelsalnty/Desktop/Embedded/pico/pico-sdk/src/rp2_common/pico_cyw43_arch/cyw43_arch_poll.c.obj
LOAD CMakeFiles/blink.dir/Users/loginelsalnty/Desktop/Embedded/pico/pico-sdk/src/rp2_common/pico_cyw43_arch/cyw43_arch_threadsafe_background.c.obj
LOAD CMakeFiles/blink.dir/Users/loginelsalnty/Desktop/Embedded/pico/pico-sdk/src/rp2_common/pico_cyw43_arch/cyw43_arch_freertos.c.obj
LOAD CMakeFiles/blink.dir/Users/loginelsalnty/Desktop/Embedded/pico/pico-sdk/src/rp2_common/pico_unique_id/unique_id.c.obj
LOAD CMakeFiles/blink.dir/Users/loginelsalnty/Desktop/Embedded/pico/pico-sdk/src/rp2_common/hardware_flash/flash.c.obj
LOAD CMakeFiles/blink.dir/Users/loginelsalnty/Desktop/Embedded/pico/pico-sdk/src/rp2_common/pico_cyw43_driver/cyw43_bus_pio_spi.c.obj
LOAD CMakeFiles/blink.dir/Users/loginelsalnty/Desktop/Embedded/pico/pico-sdk/lib/cyw43-driver/src/cyw43_ll.c.obj
LOAD CMakeFiles/blink.dir/Users/loginelsalnty/Desktop/Embedded/pico/pico-sdk/lib/cyw43-driver/src/cyw43_stats.c.obj
LOAD CMakeFiles/blink.dir/Users/loginelsalnty/Desktop/Embedded/pico/pico-sdk/lib/cyw43-driver/src/cyw43_lwip.c.obj
LOAD CMakeFiles/blink.dir/Users/loginelsalnty/Desktop/Embedded/pico/pico-sdk/lib/cyw43-driver/src/cyw43_ctrl.c.obj
LOAD CMakeFiles/blink.dir/Users/loginelsalnty/Desktop/Embedded/pico/pico-sdk/src/rp2_common/pico_cyw43_driver/cybt_shared_bus/cybt_shared_bus.c.obj
LOAD CMakeFiles/blink.dir/Users/loginelsalnty/Desktop/Embedded/pico/pico-sdk/src/rp2_common/pico_cyw43_driver/cybt_shared_bus/cybt_shared_bus_driver.c.obj
LOAD CMakeFiles/blink.dir/Users/loginelsalnty/Desktop/Embedded/pico/pico-sdk/src/rp2_common/hardware_pio/pio.c.obj
LOAD CMakeFiles/blink.dir/Users/loginelsalnty/Desktop/Embedded/pico/pico-sdk/src/rp2_common/hardware_dma/dma.c.obj
LOAD CMakeFiles/blink.dir/Users/loginelsalnty/Desktop/Embedded/pico/pico-sdk/src/rp2_common/hardware_exception/exception.c.obj
LOAD CMakeFiles/blink.dir/Users/loginelsalnty/Desktop/Embedded/pico/pico-sdk/src/rp2_common/pico_cyw43_driver/cyw43_driver.c.obj
LOAD CMakeFiles/blink.dir/Users/loginelsalnty/Desktop/Embedded/pico/pico-sdk/src/rp2_common/pico_async_context/async_context_threadsafe_background.c.obj
LOAD CMakeFiles/blink.dir/Users/loginelsalnty/Desktop/Embedded/pico/pico-sdk/src/rp2_common/pico_async_context/async_context_base.c.obj
LOAD CMakeFiles/blink.dir/Users/loginelsalnty/Desktop/Embedded/pico/pico-sdk/src/rp2_common/hardware_adc/adc.c.obj
LOAD /var/folders/_v/bvnn4hjs0h799wbkxyvnm5hm0000gn/T//ccV31S1k.o
LOAD /Applications/ArmGNUToolchain/13.2.Rel1/arm-none-eabi/bin/../lib/gcc/arm-none-eabi/13.2.1/../../../../arm-none-eabi/lib/thumb/v6-m/nofp/libstdc++.a
LOAD /Applications/ArmGNUToolchain/13.2.Rel1/arm-none-eabi/bin/../lib/gcc/arm-none-eabi/13.2.1/../../../../arm-none-eabi/lib/thumb/v6-m/nofp/libm.a
START GROUP
LOAD /Applications/ArmGNUToolchain/13.2.Rel1/arm-none-eabi/bin/../lib/gcc/arm-none-eabi/13.2.1/thumb/v6-m/nofp/libgcc.a
LOAD /Applications/ArmGNUToolchain/13.2.Rel1/arm-none-eabi/bin/../lib/gcc/arm-none-eabi/13.2.1/../../../../arm-none-eabi/lib/thumb/v6-m/nofp/libc.a
END GROUP
START GROUP
LOAD /Applications/ArmGNUToolchain/13.2.Rel1/arm-none-eabi/bin/../lib/gcc/arm-none-eabi/13.2.1/thumb/v6-m/nofp/libgcc.a
LOAD /Applications/ArmGNUToolchain/13.2.Rel1/arm-none-eabi/bin/../lib/gcc/arm-none-eabi/13.2.1/../../../../arm-none-eabi/lib/thumb/v6-m/nofp/libc.a
LOAD /Applications/ArmGNUToolchain/13.2.Rel1/arm-none-eabi/bin/../lib/gcc/arm-none-eabi/13.2.1/../../../../arm-none-eabi/lib/thumb/v6-m/nofp/libnosys.a
END GROUP
LOAD /Applications/ArmGNUToolchain/13.2.Rel1/arm-none-eabi/bin/../lib/gcc/arm-none-eabi/13.2.1/thumb/v6-m/nofp/crtend.o
LOAD /Applications/ArmGNUToolchain/13.2.Rel1/arm-none-eabi/bin/../lib/gcc/arm-none-eabi/13.2.1/thumb/v6-m/nofp/crtn.o
OUTPUT(blink.elf elf32-littlearm)
LOAD linker stubs

.ARM.attributes
                0x00000000       0x28
 .ARM.attributes
                0x00000000       0x1e /Applications/ArmGNUToolchain/13.2.Rel1/arm-none-eabi/bin/../lib/gcc/arm-none-eabi/13.2.1/thumb/v6-m/nofp/crti.o
 .ARM.attributes
                0x0000001e       0x2c /Applications/ArmGNUToolchain/13.2.Rel1/arm-none-eabi/bin/../lib/gcc/arm-none-eabi/13.2.1/thumb/v6-m/nofp/crtbegin.o
 .ARM.attributes
                0x0000004a       0x2c CMakeFiles/blink.dir/blink.c.obj
 .ARM.attributes
                0x00000076       0x2c CMakeFiles/blink.dir/Users/loginelsalnty/Desktop/Embedded/pico/pico-sdk/src/rp2_common/hardware_gpio/gpio.c.obj
 .ARM.attributes
                0x000000a2       0x2c CMakeFiles/blink.dir/Users/loginelsalnty/Desktop/Embedded/pico/pico-sdk/src/rp2_common/pico_platform/platform.c.obj
 .ARM.attributes
                0x000000ce       0x2c CMakeFiles/blink.dir/Users/loginelsalnty/Desktop/Embedded/pico/pico-sdk/src/rp2_common/hardware_claim/claim.c.obj
 .ARM.attributes
                0x000000fa       0x2c CMakeFiles/blink.dir/Users/loginelsalnty/Desktop/Embedded/pico/pico-sdk/src/rp2_common/hardware_sync/sync.c.obj
 .ARM.attributes
                0x00000126       0x2c CMakeFiles/blink.dir/Users/loginelsalnty/Desktop/Embedded/pico/pico-sdk/src/rp2_common/hardware_irq/irq.c.obj
 .ARM.attributes
                0x00000152       0x22 CMakeFiles/blink.dir/Users/loginelsalnty/Desktop/Embedded/pico/pico-sdk/src/rp2_common/hardware_irq/irq_handler_chain.S.obj
 .ARM.attributes
                0x00000174       0x2c CMakeFiles/blink.dir/Users/loginelsalnty/Desktop/Embedded/pico/pico-sdk/src/common/pico_sync/lock_core.c.obj
 .ARM.attributes
                0x000001a0       0x2c CMakeFiles/blink.dir/Users/loginelsalnty/Desktop/Embedded/pico/pico-sdk/src/common/pico_sync/mutex.c.obj
 .ARM.attributes
                0x000001cc       0x2c CMakeFiles/blink.dir/Users/loginelsalnty/Desktop/Embedded/pico/pico-sdk/src/common/pico_time/time.c.obj
 .ARM.attributes
                0x000001f8       0x2c CMakeFiles/blink.dir/Users/loginelsalnty/Desktop/Embedded/pico/pico-sdk/src/rp2_common/hardware_timer/timer.c.obj
 .ARM.attributes
                0x00000224       0x2c CMakeFiles/blink.dir/Users/loginelsalnty/Desktop/Embedded/pico/pico-sdk/src/common/pico_util/pheap.c.obj
 .ARM.attributes
                0x00000250       0x2c CMakeFiles/blink.dir/Users/loginelsalnty/Desktop/Embedded/pico/pico-sdk/src/rp2_common/hardware_uart/uart.c.obj
 .ARM.attributes
                0x0000027c       0x2c CMakeFiles/blink.dir/Users/loginelsalnty/Desktop/Embedded/pico/pico-sdk/src/rp2_common/hardware_clocks/clocks.c.obj
 .ARM.attributes
                0x000002a8       0x2c CMakeFiles/blink.dir/Users/loginelsalnty/Desktop/Embedded/pico/pico-sdk/src/rp2_common/hardware_pll/pll.c.obj
 .ARM.attributes
                0x000002d4       0x2c CMakeFiles/blink.dir/Users/loginelsalnty/Desktop/Embedded/pico/pico-sdk/src/rp2_common/hardware_watchdog/watchdog.c.obj
 .ARM.attributes
                0x00000300       0x2c CMakeFiles/blink.dir/Users/loginelsalnty/Desktop/Embedded/pico/pico-sdk/src/rp2_common/hardware_xosc/xosc.c.obj
 .ARM.attributes
                0x0000032c       0x2c CMakeFiles/blink.dir/Users/loginelsalnty/Desktop/Embedded/pico/pico-sdk/src/rp2_common/pico_runtime/runtime.c.obj
 .ARM.attributes
                0x00000358       0x2c CMakeFiles/blink.dir/Users/loginelsalnty/Desktop/Embedded/pico/pico-sdk/src/rp2_common/pico_printf/printf.c.obj
 .ARM.attributes
                0x00000384       0x22 CMakeFiles/blink.dir/Users/loginelsalnty/Desktop/Embedded/pico/pico-sdk/src/rp2_common/pico_bit_ops/bit_ops_aeabi.S.obj
 .ARM.attributes
                0x000003a6       0x2c CMakeFiles/blink.dir/Users/loginelsalnty/Desktop/Embedded/pico/pico-sdk/src/rp2_common/pico_bootrom/bootrom.c.obj
 .ARM.attributes
                0x000003d2       0x22 CMakeFiles/blink.dir/Users/loginelsalnty/Desktop/Embedded/pico/pico-sdk/src/rp2_common/pico_divider/divider.S.obj
 .ARM.attributes
                0x000003f4       0x22 CMakeFiles/blink.dir/Users/loginelsalnty/Desktop/Embedded/pico/pico-sdk/src/rp2_common/pico_double/double_aeabi.S.obj
 .ARM.attributes
                0x00000416       0x2c CMakeFiles/blink.dir/Users/loginelsalnty/Desktop/Embedded/pico/pico-sdk/src/rp2_common/pico_double/double_init_rom.c.obj
 .ARM.attributes
                0x00000442       0x22 CMakeFiles/blink.dir/Users/loginelsalnty/Desktop/Embedded/pico/pico-sdk/src/rp2_common/pico_double/double_v1_rom_shim.S.obj
 .ARM.attributes
                0x00000464       0x22 CMakeFiles/blink.dir/Users/loginelsalnty/Desktop/Embedded/pico/pico-sdk/src/rp2_common/pico_int64_ops/pico_int64_ops_aeabi.S.obj
 .ARM.attributes
                0x00000486       0x22 CMakeFiles/blink.dir/Users/loginelsalnty/Desktop/Embedded/pico/pico-sdk/src/rp2_common/pico_float/float_aeabi.S.obj
 .ARM.attributes
                0x000004a8       0x2c CMakeFiles/blink.dir/Users/loginelsalnty/Desktop/Embedded/pico/pico-sdk/src/rp2_common/pico_float/float_init_rom.c.obj
 .ARM.attributes
                0x000004d4       0x22 CMakeFiles/blink.dir/Users/loginelsalnty/Desktop/Embedded/pico/pico-sdk/src/rp2_common/pico_mem_ops/mem_ops_aeabi.S.obj
 .ARM.attributes
                0x000004f6       0x22 CMakeFiles/blink.dir/Users/loginelsalnty/Desktop/Embedded/pico/pico-sdk/src/rp2_common/pico_standard_link/crt0.S.obj
 .ARM.attributes
                0x00000518       0x2c CMakeFiles/blink.dir/Users/loginelsalnty/Desktop/Embedded/pico/pico-sdk/src/rp2_common/pico_standard_link/binary_info.c.obj
 .ARM.attributes
                0x00000544       0x2c CMakeFiles/blink.dir/Users/loginelsalnty/Desktop/Embedded/pico/pico-sdk/src/rp2_common/pico_stdio/stdio.c.obj
 .ARM.attributes
                0x00000570       0x2c CMakeFiles/blink.dir/Users/loginelsalnty/Desktop/Embedded/pico/pico-sdk/src/rp2_common/pico_stdio_uart/stdio_uart.c.obj
 .ARM.attributes
                0x0000059c       0x2c CMakeFiles/blink.dir/Users/loginelsalnty/Desktop/Embedded/pico/pico-sdk/src/rp2_common/pico_unique_id/unique_id.c.obj
 .ARM.attributes
                0x000005c8       0x2c CMakeFiles/blink.dir/Users/loginelsalnty/Desktop/Embedded/pico/pico-sdk/src/rp2_common/hardware_flash/flash.c.obj
 .ARM.attributes
                0x000005f4       0x2c CMakeFiles/blink.dir/Users/loginelsalnty/Desktop/Embedded/pico/pico-sdk/src/rp2_common/hardware_adc/adc.c.obj
 .ARM.attributes
                0x00000620       0x22 /var/folders/_v/bvnn4hjs0h799wbkxyvnm5hm0000gn/T//ccV31S1k.o
 .ARM.attributes
                0x00000642       0x1e /Applications/ArmGNUToolchain/13.2.Rel1/arm-none-eabi/bin/../lib/gcc/arm-none-eabi/13.2.1/thumb/v6-m/nofp/libgcc.a(_dvmd_tls.o)
 .ARM.attributes
                0x00000660       0x2c /Applications/ArmGNUToolchain/13.2.Rel1/arm-none-eabi/bin/../lib/gcc/arm-none-eabi/13.2.1/../../../../arm-none-eabi/lib/thumb/v6-m/nofp/libc.a(libc_a-strlen-stub.o)
 .ARM.attributes
                0x0000068c       0x2c /Applications/ArmGNUToolchain/13.2.Rel1/arm-none-eabi/bin/../lib/gcc/arm-none-eabi/13.2.1/thumb/v6-m/nofp/crtend.o

.comment        0x00000000       0x44
 .comment       0x00000000       0x44 CMakeFiles/blink.dir/blink.c.obj
                                 0x45 (size before relaxing)
 .comment       0x00000044       0x45 CMakeFiles/blink.dir/Users/loginelsalnty/Desktop/Embedded/pico/pico-sdk/src/rp2_common/hardware_gpio/gpio.c.obj
 .comment       0x00000044       0x45 CMakeFiles/blink.dir/Users/loginelsalnty/Desktop/Embedded/pico/pico-sdk/src/rp2_common/pico_platform/platform.c.obj
 .comment       0x00000044       0x45 CMakeFiles/blink.dir/Users/loginelsalnty/Desktop/Embedded/pico/pico-sdk/src/rp2_common/hardware_claim/claim.c.obj
 .comment       0x00000044       0x45 CMakeFiles/blink.dir/Users/loginelsalnty/Desktop/Embedded/pico/pico-sdk/src/rp2_common/hardware_sync/sync.c.obj
 .comment       0x00000044       0x45 CMakeFiles/blink.dir/Users/loginelsalnty/Desktop/Embedded/pico/pico-sdk/src/rp2_common/hardware_irq/irq.c.obj
 .comment       0x00000044       0x45 CMakeFiles/blink.dir/Users/loginelsalnty/Desktop/Embedded/pico/pico-sdk/src/common/pico_sync/lock_core.c.obj
 .comment       0x00000044       0x45 CMakeFiles/blink.dir/Users/loginelsalnty/Desktop/Embedded/pico/pico-sdk/src/common/pico_sync/mutex.c.obj
 .comment       0x00000044       0x45 CMakeFiles/blink.dir/Users/loginelsalnty/Desktop/Embedded/pico/pico-sdk/src/common/pico_time/time.c.obj
 .comment       0x00000044       0x45 CMakeFiles/blink.dir/Users/loginelsalnty/Desktop/Embedded/pico/pico-sdk/src/rp2_common/hardware_timer/timer.c.obj
 .comment       0x00000044       0x45 CMakeFiles/blink.dir/Users/loginelsalnty/Desktop/Embedded/pico/pico-sdk/src/common/pico_util/pheap.c.obj
 .comment       0x00000044       0x45 CMakeFiles/blink.dir/Users/loginelsalnty/Desktop/Embedded/pico/pico-sdk/src/rp2_common/hardware_uart/uart.c.obj
 .comment       0x00000044       0x45 CMakeFiles/blink.dir/Users/loginelsalnty/Desktop/Embedded/pico/pico-sdk/src/rp2_common/hardware_clocks/clocks.c.obj
 .comment       0x00000044       0x45 CMakeFiles/blink.dir/Users/loginelsalnty/Desktop/Embedded/pico/pico-sdk/src/rp2_common/hardware_pll/pll.c.obj
 .comment       0x00000044       0x45 CMakeFiles/blink.dir/Users/loginelsalnty/Desktop/Embedded/pico/pico-sdk/src/rp2_common/hardware_watchdog/watchdog.c.obj
 .comment       0x00000044       0x45 CMakeFiles/blink.dir/Users/loginelsalnty/Desktop/Embedded/pico/pico-sdk/src/rp2_common/hardware_xosc/xosc.c.obj
 .comment       0x00000044       0x45 CMakeFiles/blink.dir/Users/loginelsalnty/Desktop/Embedded/pico/pico-sdk/src/rp2_common/pico_runtime/runtime.c.obj
 .comment       0x00000044       0x45 CMakeFiles/blink.dir/Users/loginelsalnty/Desktop/Embedded/pico/pico-sdk/src/rp2_common/pico_printf/printf.c.obj
 .comment       0x00000044       0x45 CMakeFiles/blink.dir/Users/loginelsalnty/Desktop/Embedded/pico/pico-sdk/src/rp2_common/pico_bootrom/bootrom.c.obj
 .comment       0x00000044       0x45 CMakeFiles/blink.dir/Users/loginelsalnty/Desktop/Embedded/pico/pico-sdk/src/rp2_common/pico_double/double_init_rom.c.obj
 .comment       0x00000044       0x45 CMakeFiles/blink.dir/Users/loginelsalnty/Desktop/Embedded/pico/pico-sdk/src/rp2_common/pico_float/float_init_rom.c.obj
 .comment       0x00000044       0x45 CMakeFiles/blink.dir/Users/loginelsalnty/Desktop/Embedded/pico/pico-sdk/src/rp2_common/pico_standard_link/binary_info.c.obj
 .comment       0x00000044       0x45 CMakeFiles/blink.dir/Users/loginelsalnty/Desktop/Embedded/pico/pico-sdk/src/rp2_common/pico_stdio/stdio.c.obj
 .comment       0x00000044       0x45 CMakeFiles/blink.dir/Users/loginelsalnty/Desktop/Embedded/pico/pico-sdk/src/rp2_common/pico_stdio_uart/stdio_uart.c.obj
 .comment       0x00000044       0x45 CMakeFiles/blink.dir/Users/loginelsalnty/Desktop/Embedded/pico/pico-sdk/src/rp2_common/pico_unique_id/unique_id.c.obj
 .comment       0x00000044       0x45 CMakeFiles/blink.dir/Users/loginelsalnty/Desktop/Embedded/pico/pico-sdk/src/rp2_common/hardware_flash/flash.c.obj
 .comment       0x00000044       0x45 CMakeFiles/blink.dir/Users/loginelsalnty/Desktop/Embedded/pico/pico-sdk/src/rp2_common/hardware_adc/adc.c.obj

.debug_line_str
                0x00000000       0xd2
 .debug_line_str
                0x00000000       0xd2 /Applications/ArmGNUToolchain/13.2.Rel1/arm-none-eabi/bin/../lib/gcc/arm-none-eabi/13.2.1/thumb/v6-m/nofp/libgcc.a(_dvmd_tls.o)

.debug_frame    0x00000000       0x28
 .debug_frame   0x00000000       0x28 /Applications/ArmGNUToolchain/13.2.Rel1/arm-none-eabi/bin/../lib/gcc/arm-none-eabi/13.2.1/../../../../arm-none-eabi/lib/thumb/v6-m/nofp/libc.a(libc_a-strlen-stub.o)
